valgrind: You cannot run './libvex_test' directly.
valgrind: You should use $prefix/bin/valgrind.
