
mutex initialized
thread attributes initialized
thread created
sleeping
signalling
sleeping
nullHandler running
Thread 2:
The impossible happened: mutex is locked simultaneously by two threads: mutex 0x........, recursion count 1, owner 1.
   at 0x........: pthread_mutex_lock (drd_pthread_intercepts.c:?)
   by 0x........: contender_start (pth_mutex_signal.c:?)
   by 0x........: vgDrd_thread_wrapper (drd_pthread_intercepts.c:?)
   by 0x........: start_thread
   by 0x........: clone (in /...libc...)
mutex 0x........ was first observed at:
   at 0x........: pthread_mutex_init (drd_pthread_intercepts.c:?)
   by 0x........: main (pth_mutex_signal.c:?)

contender locked mutex
contender unlocking mutex
contender unlocked mutex
unlocking
Thread 1:
Mutex not locked by calling thread: mutex 0x........, recursion count 1, owner 2.
   at 0x........: pthread_mutex_unlock (drd_pthread_intercepts.c:?)
   by 0x........: main (pth_mutex_signal.c:?)
mutex 0x........ was first observed at:
   at 0x........: pthread_mutex_init (drd_pthread_intercepts.c:?)
   by 0x........: main (pth_mutex_signal.c:?)

joining thread
Mutex still locked at thread exit: mutex 0x........, recursion count 1, owner 2.
   at 0x........: pthread_join (drd_pthread_intercepts.c:?)
   by 0x........: main (pth_mutex_signal.c:?)
mutex 0x........ was first observed at:
   at 0x........: pthread_mutex_init (drd_pthread_intercepts.c:?)
   by 0x........: main (pth_mutex_signal.c:?)

Destroying locked mutex: mutex 0x........, recursion count 1, owner 0.
   at 0x........: main (pth_mutex_signal.c:?)
mutex 0x........ was first observed at:
   at 0x........: pthread_mutex_init (drd_pthread_intercepts.c:?)
   by 0x........: main (pth_mutex_signal.c:?)


ERROR SUMMARY: 4 errors from 4 contexts (suppressed: 0 from 0)
